root@br-rtr:/etc/frr# cat daemons



# This file tells the frr package which daemons to start.
#
# Sample configurations for these daemons can be found in
# /usr/share/doc/frr/examples/.
#
# ATTENTION:
#
# When activating a daemon for the first time, a config file, even if it is
# empty, has to be present *and* be owned by the user and group "frr", else
# the daemon will not be started by /etc/init.d/frr. The permissions should
# be u=rw,g=r,o=.
# When using "vtysh" such a config file is also needed. It should be owned by
# group "frrvty" and set to ug=rw,o= though. Check /etc/pam.d/frr, too.
#
# The watchfrr, zebra and staticd daemons are always started.
#
bgpd=no
ospfd=yes
ospf6d=no
ripd=no
ripngd=no
isisd=no
pimd=no
ldpd=no
nhrpd=no
eigrpd=no
babeld=no
sharpd=no
pbrd=no
bfdd=no
fabricd=no
vrrpd=no

#
# If this option is set the /etc/init.d/frr script automatically loads
# the config via "vtysh -b" when the servers are started.
# Check /etc/pam.d/frr if you intend to use "vtysh"!
#
vtysh_enable=yes
zebra_options="  -A 127.0.0.1 -s 90000000"
bgpd_options="   -A 127.0.0.1"
ospfd_options="  -A 127.0.0.1"
ospf6d_options=" -A ::1"
ripd_options="   -A 127.0.0.1"
ripngd_options=" -A ::1"
isisd_options="  -A 127.0.0.1"
pimd_options="   -A 127.0.0.1"
ldpd_options="   -A 127.0.0.1"
nhrpd_options="  -A 127.0.0.1"
eigrpd_options=" -A 127.0.0.1"
babeld_options=" -A 127.0.0.1"
sharpd_options=" -A 127.0.0.1"
pbrd_options="   -A 127.0.0.1"
staticd_options="-A 127.0.0.1"
bfdd_options="   -A 127.0.0.1"
fabricd_options="-A 127.0.0.1"
vrrpd_options="  -A 127.0.0.1"

# configuration profile
#
#frr_profile="traditional"
#frr_profile="datacenter"

#
# This is the maximum number of FD's that will be available.
# Upon startup this is read by the control files and ulimit
# is called.  Uncomment and use a reasonable value for your
# setup if you are expecting a large number of peers in
# say BGP.
#MAX_FDS=1024

# The list of daemons to watch is automatically generated by the init script.
#watchfrr_options=""

# To make watchfrr create/join the specified netns, use the following option:
#watchfrr_options="--netns"
# This only has an effect in /etc/frr/<somename>/daemons, and you need to
# start FRR with "/usr/lib/frr/frrinit.sh start <somename>".

# for debugging purposes, you can specify a "wrap" command to start instead
# of starting the daemon directly, e.g. to use valgrind on ospfd:
#   ospfd_wrap="/usr/bin/valgrind"
# or you can use "all_wrap" for all daemons, e.g. to use perf record:
#   all_wrap="/usr/bin/perf record --call-graph -"
# the normal daemon command is added to this at the end.

root@br-rtr:/etc/frr# cat frr.conf


frr version 7.5.1
frr defaults traditional
hostname br-rtr.au-team.irpo
log syslog informational
no ipv6 forwarding
service integrated-vtysh-config
!
interface tun1
ip ospf authentication message-digest
ip ospf message-digest-key 1 md5 Test123
!
router ospf
network 10.10.0.0/30 area 0
network 192.168.200.0/27 area 0
area 0 authentication message-digest
!
line vty
!



root@br-rtr:/etc/frr# cat frr.conf.sav


# default to using syslog. /etc/rsyslog.d/45-frr.conf places the log
# in /var/log/frr/frr.log
log syslog informational



root@br-rtr:/etc/frr# cat support_bundle_commands.conf



# FRR Support Bundle Command List
# Do Not modify the lines that start with
# PROC_NAME, CMD_LIST_START and CMD_LIST_END
# Add the new command for each process between
# CMD_LIST_START and CMD_LIST_END lines

# BGP Support Bundle Command List
PROC_NAME:bgp
CMD_LIST_START
show bgp summary
show ip bgp
show ip bgp neighbors
show ip bgp summary
show ip bgp statistics

show ip bgp update-groups advertise-queue
show ip bgp update-groups advertised-routes
show ip bgp update-groups packet-queue
show ip bgp update-groups statistics
show ip bgp peer-group
show ip bgp memory

show bgp ipv6
show bgp ipv6 neighbors
show bgp ipv6 summary
show bgp ipv6 update-groups advertise-queue
show bgp ipv6 update-groups advertised-routes
show bgp ipv6 update-groups packet-queue
show bgp ipv6 update-groups statistics
show ip bgp statistics
show bgp martian next-hop

show bgp evpn route
CMD_LIST_END

# Zebra Support Bundle Command List
PROC_NAME:zebra
CMD_LIST_START
show zebra
show zebra client summary
show ip nht vrf all
show route-map
show memory
show interface vrf all
show vrf
show zebra fpm stats
show error all
show work-queues
show debugging hashtable
show running-config
show thread cpu
show thread poll
show daemons
show version
CMD_LIST_END

# OSPF Support Bundle Command List
# PROC_NAME:ospf
# CMD_LIST_START
# CMD_LIST_END

# RIP Support Bundle Command List
# PROC_NAME:rip
# CMD_LIST_START
# CMD_LIST_END

# ISIS Support Bundle Command List
# PROC_NAME:isis
# CMD_LIST_START
# CMD_LIST_END

# BFD Support Bundle Command List
# PROC_NAME:bfd
# CMD_LIST_START
# CMD_LIST_END

# STATIC Support Bundle Command List
# PROC_NAME:static
# CMD_LIST_START
# CMD_LIST_END

# PIM Support Bundle Command List
# PROC_NAME:pim
# CMD_LIST_START
# CMD_LIST_END



root@br-rtr:/etc/frr# cat vtysh.conf


service integrated-vtysh-config

